// Jest Snapshot v1, https://goo.gl/fbAQLP

exports[`codegen string: return function render(_ctx,_cache,$props,$data,$options){
      return "hi"
    } 1`] = `"return function render(_ctx,_cache){return 'hi'}"`;
